../Core/Src/oled.c:8:6:OLED_I2C_Init	8	static
../Core/Src/oled.c:19:6:OLED_I2C_Start	8	static
../Core/Src/oled.c:32:6:OLED_I2C_Stop	8	static
../Core/Src/oled.c:44:6:OLED_I2C_SendByte	24	static
../Core/Src/oled.c:62:6:OLED_WriteCommand	16	static
../Core/Src/oled.c:76:6:OLED_WriteData	16	static
../Core/Src/oled.c:91:6:OLED_SetCursor	16	static
../Core/Src/oled.c:103:6:OLED_Clear	16	static
../Core/Src/oled.c:123:6:OLED_ShowChar	24	static
../Core/Src/oled.c:145:6:OLED_ShowString	24	static
../Core/Src/oled.c:158:10:OLED_Pow	24	static
../Core/Src/oled.c:176:6:OLED_ShowNum	32	static
../Core/Src/oled.c:193:6:OLED_ShowSignedNum	32	static
../Core/Src/oled.c:221:6:OLED_ShowHexNum	24	static
../Core/Src/oled.c:246:6:OLED_ShowBinNum	32	static
../Core/Src/oled.c:260:6:OLED_Init	16	static
